[vladchepel.github.io/cannaly/dist/index.html]
[backblue.gif]
[fade.gif]
[index.html]
[vladchepel.github.io/cannaly/dist/styles/main.css]
[vladchepel.github.io/cannaly/dist/index-2.html]
[vladchepel.github.io/cannaly/dist/sprites/sprite.svg]
[vladchepel.github.io/cannaly/dist/messages.html]
[vladchepel.github.io/cannaly/dist/images/products/product-thumb-4.jpg]
[vladchepel.github.io/cannaly/dist/images/products/product-thumb-5.jpg]
[vladchepel.github.io/cannaly/dist/images/products/product-thumb-3.jpg]
[vladchepel.github.io/cannaly/dist/cart.html]
[vladchepel.github.io/cannaly/dist/checkout.html]
[vladchepel.github.io/cannaly/dist/images/cannabis-company-bg.jpg]
[vladchepel.github.io/cannaly/dist/images/cannabis-company-logo.png]
[vladchepel.github.io/cannaly/dist/finchandsons.com]
[vladchepel.github.io/cannaly/dist/images/products/product-thumb-1.jpg]
[vladchepel.github.io/cannaly/dist/product.html]
[vladchepel.github.io/cannaly/dist/images/products/product-thumb-2.jpg]
[vladchepel.github.io/cannaly/dist/images/logo.svg]
[ajax.googleapis.com/ajax/libs/jquery/3.3.1/jquery.min.js]
[cdnjs.cloudflare.com/ajax/libs/svg4everybody/2.1.9/svg4everybody.min.js]
[cdnjs.cloudflare.com/ajax/libs/jquery-typeahead/2.10.6/jquery.typeahead.min.js]
[cdnjs.cloudflare.com/ajax/libs/slick-carousel/1.9.0/slick.min.js]
[cdnjs.cloudflare.com/ajax/libs/noUiSlider/12.0.0/nouislider.min.js]
[vladchepel.github.io/cannaly/dist/index.html]
[vladchepel.github.io/cannaly/dist/scripts/main.js]
[vladchepel.github.io/cannaly/dist/sprites/sprite.png]
[vladchepel.github.io/cannaly/dist/styles/main.css]
[vladchepel.github.io/cannaly/dist/index-2.html]
[vladchepel.github.io/cannaly/dist/sprites/sprite.svg]
[vladchepel.github.io/cannaly/dist/messages.html]
[vladchepel.github.io/cannaly/dist/cart.html]
[vladchepel.github.io/cannaly/dist/checkout.html]
[vladchepel.github.io/cannaly/dist/finchandsons.html]
[vladchepel.github.io/cannaly/dist/images/products/product-1.jpg]
[vladchepel.github.io/cannaly/dist/product-2.jpg]
[vladchepel.github.io/cannaly/dist/images/products/product-thumb-6.jpg]
[vladchepel.github.io/cannaly/dist/product-1.jpg]
[vladchepel.github.io/cannaly/dist/images/products/product-2.jpg]
[vladchepel.github.io/cannaly/dist/product.html]
[vladchepel.github.io/cannaly/dist/images/logo.svg]
[vladchepel.github.io/cannaly/dist/product-2.html]
[vladchepel.github.io/cannaly/dist/product-1.html]
